// Jest Snapshot v1, https://goo.gl/fbAQLP

exports[`Header should render successfully 1`] = `
<body>
  <div>
    <header
      class="shadow bg-cyan-600"
    >
      <div
        class=""
      >
        <nav
          class="w-full md:flex-row md:flex-nowrap md:justify-start flex items-center p-4"
        >
          <div
            class="w-full mx-autp items-center flex justify-between md:flex-nowrap flex-wrap px-4"
          >
            <a
              class="text-sm text-white uppercase hidden lg:inline-block font-semibold"
              href="#pablo"
            >
              Dashboard
            </a>
          </div>
        </nav>
      </div>
    </header>
  </div>
</body>
`;
